>>> round 2 (27b, seed 1) start 2026-08-16 19:42:29
REFUSING TO RUN — custody preflight failed:
  - answer keys at /home/alexander/Schreibtisch/qwen_uplift_test/campaign3_blind/keys are not sealed (exists=True)
  - 32 plaintext key file(s) still on disk
REFUSING TO RUN — custody preflight failed:
  - answer keys at /home/alexander/Schreibtisch/qwen_uplift_test/campaign3_blind/keys are not sealed (exists=True)
  - 32 plaintext key file(s) still on disk
REFUSING TO RUN — custody preflight failed:
  - answer keys at /home/alexander/Schreibtisch/qwen_uplift_test/campaign3_blind/keys are not sealed (exists=True)
  - 32 plaintext key file(s) still on disk
REFUSING TO RUN — custody preflight failed:
  - answer keys at /home/alexander/Schreibtisch/qwen_uplift_test/campaign3_blind/keys are not sealed (exists=True)
  - 32 plaintext key file(s) still on disk
REFUSING TO RUN — custody preflight failed:
  - answer keys at /home/alexander/Schreibtisch/qwen_uplift_test/campaign3_blind/keys are not sealed (exists=True)
  - 32 plaintext key file(s) still on disk
REFUSING TO RUN — custody preflight failed:
  - answer keys at /home/alexander/Schreibtisch/qwen_uplift_test/campaign3_blind/keys are not sealed (exists=True)
  - 32 plaintext key file(s) still on disk
<<< cell FE1 done 2026-08-16 19:42:37
<<< cell DL1 done 2026-08-16 19:42:37
<<< cell FE2 done 2026-08-16 19:42:37
REFUSING TO RUN — custody preflight failed:
  - answer keys at /home/alexander/Schreibtisch/qwen_uplift_test/campaign3_blind/keys are not sealed (exists=True)
  - 32 plaintext key file(s) still on disk
REFUSING TO RUN — custody preflight failed:
  - answer keys at /home/alexander/Schreibtisch/qwen_uplift_test/campaign3_blind/keys are not sealed (exists=True)
  - 32 plaintext key file(s) still on disk
REFUSING TO RUN — custody preflight failed:
  - answer keys at /home/alexander/Schreibtisch/qwen_uplift_test/campaign3_blind/keys are not sealed (exists=True)
  - 32 plaintext key file(s) still on disk
REFUSING TO RUN — custody preflight failed:
  - answer keys at /home/alexander/Schreibtisch/qwen_uplift_test/campaign3_blind/keys are not sealed (exists=True)
  - 32 plaintext key file(s) still on disk
REFUSING TO RUN — custody preflight failed:
  - answer keys at /home/alexander/Schreibtisch/qwen_uplift_test/campaign3_blind/keys are not sealed (exists=True)
  - 32 plaintext key file(s) still on disk
REFUSING TO RUN — custody preflight failed:
  - answer keys at /home/alexander/Schreibtisch/qwen_uplift_test/campaign3_blind/keys are not sealed (exists=True)
  - 32 plaintext key file(s) still on disk
<<< cell NG1 done 2026-08-16 19:43:07
<<< cell NG2 done 2026-08-16 19:43:07
<<< cell DL2 done 2026-08-16 19:43:07
>>> round 2 (27b, seed 1) start 2026-08-16 19:45:06
