===========================================================================
         ________    _________   _______       __     _________            
        |        |\ |        |\ |       \\    |  |\  /         \\          
        |    ____|| |    ____|| |    __  ||   |__|| |    ___    ||         
        |   |\___\| |   |\___\| |   |\_| ||    \_\| |   //  \   ||         
        |   ||__    |   ||__    |   ||_| ||   |  |\ |  ||    |  ||         
        |       |\  |       |\  |         \\  |  || |  ||    |  ||         
        |    ___||  |    ___||  |    ___   || |  || |  ||    |  ||         
        |   |\__\|  |   |\__\|  |   |\__|  || |  || |  ||    |  ||         
        |   ||      |   ||___   |   ||__|  || |  || |   \\__/   ||         
        |   ||      |        |\ |          || |  || |           ||         
        |___||      |________|| |_________//  |__||  \_________//          
                                                                           
      F I N I T E   E L E M E N T S   F O R   B I O M E C H A N I C S      
                                                                           
  version 4.12.0.86045466d
  FEBio is a registered trademark.                                         
  copyright (c) 2006-2026 - All rights reserved                            
                                                                           
===========================================================================





 FILES USED
===========================================================================
	Input file : /home/alexander/Schreibtisch/ofa-v2/campaign3_blind/runs_quarantine/stray_scratch/coupled_elasticity/level3_A/subdomain_A.feb
	Plot file  : /home/alexander/Schreibtisch/ofa-v2/campaign3_blind/runs_quarantine/stray_scratch/coupled_elasticity/level3_A/subdomain_A.xplt
	Log file   : /home/alexander/Schreibtisch/ofa-v2/campaign3_blind/runs_quarantine/stray_scratch/coupled_elasticity/level3_A/subdomain_A.log


 MESH INFO
===========================================================================
	Number of materials ............................ : 1
	Number of domains .............................. : 1
	Number of nodes ................................ : 1386
	Number of solid elements ....................... : 640


 MODULE
===========================================================================
	Module type ....................................... : solid


 CONTROL DATA
===========================================================================
	analysis .......................................... : STATIC (0)
	time_steps ........................................ : 1
	step_size ......................................... : 1
	plot_zero_state ................................... : no (0)
	plot_range ........................................ : 0,-1
	plot_level ........................................ : PLOT_MAJOR_ITRS (1)
	output_level ...................................... : OUTPUT_MAJOR_ITRS (1)
	plot_stride ....................................... : 1
	output_stride ..................................... : 1
	adaptor_re_solve .................................. : yes (1)
	Auto time stepper activated ....................... : no
 SOLVER PARAMETERS
===========================================================================
	symmetric_stiffness ............................... : symmetric (1)
	equation_scheme ................................... : staggered (0)
	equation_order .................................... : default (0)
	optimize_bw ....................................... : no (0)
	lstol ............................................. : 0.9
	lsmin ............................................. : 0.01
	lsiter ............................................ : 5
	ls_check_jacobians ................................ : no (0)
	max_refs .......................................... : 15
	check_zero_diagonal ............................... : no (0)
	zero_diagonal_tol ................................. : 0
	force_partition ................................... : 0
	reform_each_time_step ............................. : yes (1)
	reform_augment .................................... : no (0)
	diverge_reform .................................... : yes (1)
	min_residual ...................................... : 1e-20
	max_residual ...................................... : 0
	dtol .............................................. : 0.001
	etol .............................................. : 0.01
	rtol .............................................. : 0
	rhoi .............................................. : -2
	alpha ............................................. : 1
	beta .............................................. : 0.25
	gamma ............................................. : 0.5
	logSolve .......................................... : no (0)
	arc_length ........................................ : 0
	arc_length_scale .................................. : 0






 MATERIAL DATA
===========================================================================
  1 - MatA (type: isotropic elastic)
	density ........................................... : 1
	E ................................................. : 600
	v ................................................. : 0.333333


 BOUNDARY CONDITION DATA
===========================================================================
  1 -  Type: zero displacement
	x_dof ............................................. : yes (1)
	y_dof ............................................. : yes (1)
	z_dof ............................................. : yes (1)
---------------------------------------------------------------------------
  2 -  Type: prescribed displacement
	dof ............................................... : 0
	value ............................................. : (not constant)
	relative .......................................... : no (0)
---------------------------------------------------------------------------
  3 -  Type: prescribed displacement
	dof ............................................... : 1
	value ............................................. : (not constant)
	relative .......................................... : no (0)


 LOAD CONTROLLER DATA
===========================================================================
load controller   1 - lc1 (type: loadcurve)
	interpolate ....................................... : LINEAR (0)
	extend ............................................ : CONSTANT (0)
	points ............................................ : (can't display value)


 OUTPUT DATA
===========================================================================
 LINEAR SOLVER DATA
===========================================================================
	Default linear solver ............................. : skyline


Data Record #1
===========================================================================
Step = 0
Time = 0
Data = ux
File = /home/alexander/Schreibtisch/ofa-v2/campaign3_blind/runs_quarantine/stray_scratch/coupled_elasticity/level3_A/node_ux.csv

Data Record #2
===========================================================================
Step = 0
Time = 0
Data = uy
File = /home/alexander/Schreibtisch/ofa-v2/campaign3_blind/runs_quarantine/stray_scratch/coupled_elasticity/level3_A/node_uy.csv

Data Record #3
===========================================================================
Step = 0
Time = 0
Data = sx
File = /home/alexander/Schreibtisch/ofa-v2/campaign3_blind/runs_quarantine/stray_scratch/coupled_elasticity/level3_A/elem_sx.csv

Data Record #4
===========================================================================
Step = 0
Time = 0
Data = sy
File = /home/alexander/Schreibtisch/ofa-v2/campaign3_blind/runs_quarantine/stray_scratch/coupled_elasticity/level3_A/elem_sy.csv

Data Record #5
===========================================================================
Step = 0
Time = 0
Data = sxy
File = /home/alexander/Schreibtisch/ofa-v2/campaign3_blind/runs_quarantine/stray_scratch/coupled_elasticity/level3_A/elem_sxy.csv

 *************************************************************************
 * Selecting linear solver skyline                                     