===========================================================================
         ________    _________   _______       __     _________            
        |        |\ |        |\ |       \\    |  |\  /         \\          
        |    ____|| |    ____|| |    __  ||   |__|| |    ___    ||         
        |   |\___\| |   |\___\| |   |\_| ||    \_\| |   //  \   ||         
        |   ||__    |   ||__    |   ||_| ||   |  |\ |  ||    |  ||         
        |       |\  |       |\  |         \\  |  || |  ||    |  ||         
        |    ___||  |    ___||  |    ___   || |  || |  ||    |  ||         
        |   |\__\|  |   |\__\|  |   |\__|  || |  || |  ||    |  ||         
        |   ||      |   ||___   |   ||__|  || |  || |   \\__/   ||         
        |   ||      |        |\ |          || |  || |           ||         
        |___||      |________|| |_________//  |__||  \_________//          
                                                                           
      F I N I T E   E L E M E N T S   F O R   B I O M E C H A N I C S      
                                                                           
  version 4.12.0.86045466d
  FEBio is a registered trademark.                                         
  copyright (c) 2006-2026 - All rights reserved                            
                                                                           
===========================================================================





 FILES USED
===========================================================================
	Input file : /home/alexander/Schreibtisch/ofa-v2/campaign3_blind/runs_quarantine/stray_scratch/coupled_elasticity/level1_A/subdomain_A.feb
	Plot file  : /home/alexander/Schreibtisch/ofa-v2/campaign3_blind/runs_quarantine/stray_scratch/coupled_elasticity/level1_A/subdomain_A.xplt
	Log file   : /home/alexander/Schreibtisch/ofa-v2/campaign3_blind/runs_quarantine/stray_scratch/coupled_elasticity/level1_A/subdomain_A.log


 MESH INFO
===========================================================================
	Number of materials ............................ : 1
	Number of domains .............................. : 1
	Number of nodes ................................ : 108
	Number of solid elements ....................... : 40


 MODULE
===========================================================================
	Module type ....................................... : solid


 CONTROL DATA
===========================================================================
	analysis .......................................... : STATIC (0)
	time_steps ........................................ : 1
	step_size ......................................... : 1
	plot_zero_state ................................... : no (0)
	plot_range ........................................ : 0,-1
	plot_level ........................................ : PLOT_MAJOR_ITRS (1)
	output_level ...................................... : OUTPUT_MAJOR_ITRS (1)
	plot_stride ....................................... : 1
	output_stride ..................................... : 1
	adaptor_re_solve .................................. : yes (1)
	Auto time stepper activated ....................... : no
 SOLVER PARAMETERS
===========================================================================
	symmetric_stiffness ............................... : symmetric (1)
	equation_scheme ................................... : staggered (0)
	equation_order .................................... : default (0)
	optimize_bw ....................................... : no (0)
	lstol ............................................. : 0.9
	lsmin ............................................. : 0.01
	lsiter ............................................ : 5
	ls_check_jacobians ................................ : no (0)
	max_refs .......................................... : 15
	check_zero_diagonal ............................... : no (0)
	zero_diagonal_tol ................................. : 0
	force_partition ................................... : 0
	reform_each_time_step ............................. : yes (1)
	reform_augment .................................... : no (0)
	diverge_reform .................................... : yes (1)
	min_residual ...................................... : 1e-20
	max_residual ...................................... : 0
	dtol .............................................. : 0.001
	etol .............................................. : 0.01
	rtol .............................................. : 0
	rhoi .............................................. : -2
	alpha ............................................. : 1
	beta .............................................. : 0.25
	gamma ............................................. : 0.5
	logSolve .......................................... : no (0)
	arc_length ........................................ : 0
	arc_length_scale .................................. : 0






 MATERIAL DATA
===========================================================================
  1 - MatA (type: isotropic elastic)
	density ........................................... : 1
	E ................................................. : 600
	v ................................................. : 0.333333


 BOUNDARY CONDITION DATA
===========================================================================
  1 -  Type: zero displacement
	x_dof ............................................. : yes (1)
	y_dof ............................................. : yes (1)
	z_dof ............................................. : yes (1)
---------------------------------------------------------------------------
  2 -  Type: prescribed displacement
	dof ............................................... : 0
	value ............................................. : (not constant)
	relative .......................................... : no (0)
---------------------------------------------------------------------------
  3 -  Type: prescribed displacement
	dof ............................................... : 1
	value ............................................. : (not constant)
	relative .......................................... : no (0)


 LOAD CONTROLLER DATA
===========================================================================
load controller   1 - lc1 (type: loadcurve)
	interpolate ....................................... : LINEAR (0)
	extend ............................................ : CONSTANT (0)
	points ............................................ : (can't display value)


 OUTPUT DATA
===========================================================================
 LINEAR SOLVER DATA
===========================================================================
	Default linear solver ............................. : skyline


Data Record #1
===========================================================================
Step = 0
Time = 0
Data = ux
File = /home/alexander/Schreibtisch/ofa-v2/campaign3_blind/runs_quarantine/stray_scratch/coupled_elasticity/level1_A/node_ux.csv

Data Record #2
===========================================================================
Step = 0
Time = 0
Data = uy
File = /home/alexander/Schreibtisch/ofa-v2/campaign3_blind/runs_quarantine/stray_scratch/coupled_elasticity/level1_A/node_uy.csv

Data Record #3
===========================================================================
Step = 0
Time = 0
Data = sx
File = /home/alexander/Schreibtisch/ofa-v2/campaign3_blind/runs_quarantine/stray_scratch/coupled_elasticity/level1_A/elem_sx.csv

Data Record #4
===========================================================================
Step = 0
Time = 0
Data = sy
File = /home/alexander/Schreibtisch/ofa-v2/campaign3_blind/runs_quarantine/stray_scratch/coupled_elasticity/level1_A/elem_sy.csv

Data Record #5
===========================================================================
Step = 0
Time = 0
Data = sxy
File = /home/alexander/Schreibtisch/ofa-v2/campaign3_blind/runs_quarantine/stray_scratch/coupled_elasticity/level1_A/elem_sxy.csv

 *************************************************************************
 * Selecting linear solver skyline                                       *
 *************************************************************************

===== beginning time step 1 : 1 =====


Reforming stiffness matrix: reformation #1

===== reforming stiffness matrix:
	Nr of equations ........................... : 210
	Nr of nonzeroes in stiffness matrix ....... : 14649
 1
 Nonlinear solution status: time= 1
	stiffness updates             = 0
	right hand side evaluations   = 2
	stiffness matrix reformations = 1
	step from line search         = 1.000000
	convergence norms :     INITIAL         CURRENT         REQUIRED
	   residual            3.956136e-11    1.336589e-23    0.000000e+00 
	   energy              4.695814e-13    6.570931e-20    4.695814e-15 
	   displacement        1.263437e-14    1.263437e-14    1.263437e-20 

 *************************************************************************
 *                               WARNING                                 *
 * No force acting on the system.                                        *
 *************************************************************************

convergence summary
    number of iterations   : 1
    number of reformations : 1

------- converged at time : 1


Data Record #1
===========================================================================
Step = 1
Time = 1
Data = ux
File = /home/alexander/Schreibtisch/ofa-v2/campaign3_blind/runs_quarantine/stray_scratch/coupled_elasticity/level1_A/node_ux.csv

Data Record #2
===========================================================================
Step = 1
Time = 1
Data = uy
File = /home/alexander/Schreibtisch/ofa-v2/campaign3_blind/runs_quarantine/stray_scratch/coupled_elasticity/level1_A/node_uy.csv

Data Record #3
===========================================================================
Step = 1
Time = 1
Data = sx
File = /home/alexander/Schreibtisch/ofa-v2/campaign3_blind/runs_quarantine/stray_scratch/coupled_elasticity/level1_A/elem_sx.csv

Data Record #4
===========================================================================
Step = 1
Time = 1
Data = sy
File = /home/alexander/Schreibtisch/ofa-v2/campaign3_blind/runs_quarantine/stray_scratch/coupled_elasticity/level1_A/elem_sy.csv

Data Record #5
===========================================================================
Step = 1
Time = 1
Data = sxy
File = /home/alexander/Schreibtisch/ofa-v2/campaign3_blind/runs_quarantine/stray_scratch/coupled_elasticity/level1_A/elem_sxy.csv


 N O N L I N E A R   I T E R A T I O N   I N F O R M A T I O N

	Number of time steps completed .................... : 1

	Total number of equilibrium iterations ............ : 1

	Average number of equilibrium iterations .......... : 1

	Total number of right hand evaluations ............ : 2

	Total number of stiffness reformations ............ : 1


 L I N E A R   S O L V E R   S T A T S

	Total calls to linear solver ........ : 0

	Avg iterations per solve ............ : 0

	Time in linear solver: 0:00:00


 Elapsed time : 0:00:00

 T I M I N G   I N F O R M A T I O N

	Input time ...................... : 0:00:00 (0.00460425 sec)

	Initialization time ............. : 0:00:00 (0.00124799 sec)

	Solve time ...................... : 0:00:00 (0.00357164 sec)

	   IO-time (plot, dmp, data) .... : 0:00:00 (0.00151396 sec)

	   serialization ................ : 0:00:00 (0 sec)

	   reforming stiffness .......... : 0:00:00 (0.000305873 sec)

	   evaluating stiffness ......... : 0:00:00 (0.000248563 sec)

	   evaluating residual .......... : 0:00:00 (0.000107324 sec)

	   model update ................. : 0:00:00 (0.000391485 sec)

	   QN updates ................... : 0:00:00 (0 sec)

	   time in linear solver ........ : 0:00:00 (0.000527023 sec)

	Total elapsed time .............. : 0:00:00 (0.00934458 sec)


 N O R M A L   T E R M I N A T I O N

